user@USERnoMacBook-Pro git_challenge % git add hello_world.txt
user@USERnoMacBook-Pro git_challenge % git commit -m "hello_worldを追加"
[main 8dbc281] hello_worldを追加
 1 file changed, 2 insertions(+)
 create mode 100644 hello_world.txt
user@USERnoMacBook-Pro git_challenge % git add hello_world.txt          
user@USERnoMacBook-Pro git_challenge % git commit -m "日本語訳を追記"
[main 282c84f] 日本語訳を追記
 1 file changed, 1 insertion(+), 1 deletion(-)
user@USERnoMacBook-Pro git_challenge % git log --oneline                
282c84f (HEAD -> main) 日本語訳を追記
8dbc281 hello_worldを追加
8792c89 日本語訳を追記